#-----------------------------------------------------------
# Webtalk v2017.2 (64-bit)
# SW Build 1909853 on Thu Jun 15 18:39:09 MDT 2017
# IP Build 1909766 on Thu Jun 15 19:58:00 MDT 2017
# Start of session at: Wed Oct  3 20:32:35 2018
# Process ID: 12732
# Current directory: C:/Users/titas/source/repos/-EmbeddedRealTimeSystems-/Assignment2/Exercise6/Exercise1/matrixmul.prj/solution1/sim/vhdl
# Command line: wbtcv.exe -mode batch -source C:/Users/titas/source/repos/-EmbeddedRealTimeSystems-/Assignment2/Exercise6/Exercise1/matrixmul.prj/solution1/sim/vhdl/xsim.dir/matrixmul/webtalk/xsim_webtalk.tcl -notrace
# Log file: C:/Users/titas/source/repos/-EmbeddedRealTimeSystems-/Assignment2/Exercise6/Exercise1/matrixmul.prj/solution1/sim/vhdl/webtalk.log
# Journal file: C:/Users/titas/source/repos/-EmbeddedRealTimeSystems-/Assignment2/Exercise6/Exercise1/matrixmul.prj/solution1/sim/vhdl\webtalk.jou
#-----------------------------------------------------------
source C:/Users/titas/source/repos/-EmbeddedRealTimeSystems-/Assignment2/Exercise6/Exercise1/matrixmul.prj/solution1/sim/vhdl/xsim.dir/matrixmul/webtalk/xsim_webtalk.tcl -notrace
