

================================================================
== Vivado HLS Report for 'Advios'
================================================================
* Date:           Mon Oct  8 19:23:22 2018

* Version:        2017.2 (Build 1909853 on Thu Jun 15 18:55:24 MDT 2017)
* Project:        advios_ip
* Solution:       solution1
* Product family: zynq
* Target device:  xc7z010clg400-1


================================================================
== Performance Estimates
================================================================
+ Timing (ns): 
    * Summary: 
    +--------+-------+----------+------------+
    |  Clock | Target| Estimated| Uncertainty|
    +--------+-------+----------+------------+
    |ap_clk  |   8.00|      5.92|        1.00|
    +--------+-------+----------+------------+

+ Latency (clock cycles): 
    * Summary: 
    +-----+-----+-----+-----+---------+
    |  Latency  |  Interval | Pipeline|
    | min | max | min | max |   Type  |
    +-----+-----+-----+-----+---------+
    |    0|    4|    1|    5|   none  |
    +-----+-----+-----+-----+---------+

    + Detail: 
        * Instance: 
        N/A

        * Loop: 
        N/A

============================================================
+ Verbose Summary: Synthesis Manager
============================================================
InlineROM: 1
ExposeGlobal: 0
============================================================
+ Verbose Summary: CDFG Model
============================================================
IsTopModel: 1
ResetActiveHigh: 1
IsCombinational: 0
IsDatapathOnly: 0
HasWiredReturn: 1
HasMFsm: 0
HasVarLatency: 1
IsPipeline: 0
IsRtlPipelined: 0
IsInstanceOverlapped: 0
IsDontTouch: 0
HasImplIP: 0
IsGatedGlobalClock: 0


============================================================
+ Verbose Summary: Schedule
============================================================
* Number of FSM states: 2
* Pipeline: 0
* Dataflow Pipeline: 0

* FSM state transitions: 
1 --> 
	2  / (Advios_ssdm_threa) | (Advios_ssdm_threa_1)
2 --> 
* FSM state operations: 

 <State 1>: 3.10ns
ST_1: StgValue_3 (12)  [1/1] 0.00ns
:0  call void (...)* @_ssdm_op_SpecIFCore(i4* %ctrl, [1 x i8]* @p_str10, [10 x i8]* @p_str14, [1 x i8]* @p_str10, i32 -1, [1 x i8]* @p_str10, [1 x i8]* @p_str10, [1 x i8]* @p_str10, [1 x i8]* @p_str10, [17 x i8]* @p_str15)

ST_1: StgValue_4 (13)  [1/1] 0.00ns
:1  call void (...)* @_ssdm_op_SpecBitsMap(i1* %clk_second), !map !80

ST_1: StgValue_5 (14)  [1/1] 0.00ns
:2  call void (...)* @_ssdm_op_SpecBitsMap(i1* %clk), !map !84

ST_1: StgValue_6 (15)  [1/1] 0.00ns
:3  call void (...)* @_ssdm_op_SpecBitsMap(i1* %reset), !map !88

ST_1: StgValue_7 (16)  [1/1] 0.00ns
:4  call void (...)* @_ssdm_op_SpecBitsMap(i4* %ctrl), !map !92

ST_1: StgValue_8 (17)  [1/1] 0.00ns
:5  call void (...)* @_ssdm_op_SpecBitsMap(i4* %switches), !map !96

ST_1: StgValue_9 (18)  [1/1] 0.00ns
:6  call void (...)* @_ssdm_op_SpecBitsMap(i4* %leds), !map !100

ST_1: StgValue_10 (19)  [1/1] 0.00ns  loc: ./Advios.h:13
:7  call void (...)* @_ssdm_op_SpecTopModule([7 x i8]* @p_str, [7 x i8]* @p_str) nounwind

ST_1: Advios_ssdm_threa (20)  [1/1] 0.00ns  loc: ./Advios.h:14
:8  %Advios_ssdm_threa = load i1* @Advios_ssdm_thread_M_modulate_clock, align 1

ST_1: StgValue_12 (21)  [1/1] 0.00ns  loc: ./Advios.h:14
:9  br i1 %Advios_ssdm_threa, label %1, label %2

ST_1: StgValue_13 (23)  [1/1] 0.00ns  loc: ./Advios.h:14
:0  call void (...)* @_ssdm_op_SpecProcessDecl([7 x i8]* @p_str, i32 2, [15 x i8]* @p_str8) nounwind

ST_1: StgValue_14 (24)  [1/1] 0.00ns  loc: ./Advios.h:15
:1  call void (...)* @_ssdm_op_SpecSensitive([15 x i8]* @p_str8, [4 x i8]* @p_str2, i1* %clk, i32 1) nounwind

ST_1: StgValue_15 (25)  [1/1] 0.00ns  loc: ./Advios.h:16
:2  call void (...)* @_ssdm_op_SpecSensitive([15 x i8]* @p_str8, [6 x i8]* @p_str3, i1* %reset, i32 3) nounwind

ST_1: Advios_ssdm_threa_1 (26)  [1/1] 0.00ns  loc: ./Advios.h:17
:3  %Advios_ssdm_threa_1 = load i1* @Advios_ssdm_thread_M_LedControl, align 1

ST_1: StgValue_17 (27)  [1/1] 0.00ns  loc: ./Advios.h:17
:4  br i1 %Advios_ssdm_threa_1, label %3, label %4

ST_1: StgValue_18 (29)  [1/1] 0.00ns  loc: ./Advios.h:17
:0  call void (...)* @_ssdm_op_SpecProcessDecl([7 x i8]* @p_str, i32 2, [11 x i8]* @p_str13) nounwind

ST_1: StgValue_19 (30)  [1/1] 0.00ns  loc: ./Advios.h:18
:1  call void (...)* @_ssdm_op_SpecSensitive([11 x i8]* @p_str13, [4 x i8]* @p_str2, i1* %clk, i32 1) nounwind

ST_1: StgValue_20 (31)  [1/1] 0.00ns  loc: ./Advios.h:19
:2  call void (...)* @_ssdm_op_SpecSensitive([11 x i8]* @p_str13, [6 x i8]* @p_str3, i1* %reset, i32 3) nounwind

ST_1: StgValue_21 (32)  [1/1] 0.00ns  loc: ./Advios.h:20
:3  call void (...)* @_ssdm_op_SpecPort([7 x i8]* @p_str, i32 0, [7 x i8]* @p_str1, [4 x i8]* @p_str2, i32 0, i32 0, i1* %clk) nounwind

ST_1: StgValue_22 (33)  [1/1] 0.00ns  loc: ./Advios.h:21
:4  call void (...)* @_ssdm_op_SpecPort([7 x i8]* @p_str, i32 0, [7 x i8]* @p_str1, [6 x i8]* @p_str3, i32 0, i32 0, i1* %reset) nounwind

ST_1: StgValue_23 (34)  [1/1] 0.00ns  loc: ./Advios.h:22
:5  call void (...)* @_ssdm_op_SpecPort([7 x i8]* @p_str, i32 0, [13 x i8]* @p_str4, [5 x i8]* @p_str5, i32 0, i32 0, i4* %ctrl) nounwind

ST_1: StgValue_24 (35)  [1/1] 0.00ns  loc: ./Advios.h:23
:6  call void (...)* @_ssdm_op_SpecPort([7 x i8]* @p_str, i32 0, [13 x i8]* @p_str4, [9 x i8]* @p_str6, i32 0, i32 0, i4* %switches) nounwind

ST_1: StgValue_25 (36)  [1/1] 0.00ns  loc: ./Advios.h:24
:7  call void (...)* @_ssdm_op_SpecPort([7 x i8]* @p_str, i32 1, [13 x i8]* @p_str4, [5 x i8]* @p_str7, i32 0, i32 0, i4* %leds) nounwind

ST_1: StgValue_26 (37)  [1/1] 0.00ns  loc: ./Advios.h:25
:8  call void (...)* @_ssdm_op_SpecChannel([7 x i8]* @p_str, i32 0, [7 x i8]* @p_str1, [11 x i8]* @p_str12, i32 1, i32 0, i1* %clk_second) nounwind

ST_1: StgValue_27 (38)  [1/1] 0.00ns  loc: ./Advios.h:16
:9  ret void

ST_1: StgValue_28 (40)  [2/2] 3.10ns  loc: ./Advios.h:17
:0  call void @"Advios::LedControl"(i1* %clk_second, i1* %clk, i1* %reset, i4* %ctrl, i4* %switches, i4* %leds)

ST_1: StgValue_29 (43)  [2/2] 2.07ns  loc: ./Advios.h:14
:0  call void @"Advios::modulate_clock"(i1* %clk_second, i1* %clk, i1* %reset, i4* %ctrl, i4* %switches, i4* %leds)


 <State 2>: 2.35ns
ST_2: StgValue_30 (40)  [1/2] 2.35ns  loc: ./Advios.h:17
:0  call void @"Advios::LedControl"(i1* %clk_second, i1* %clk, i1* %reset, i4* %ctrl, i4* %switches, i4* %leds)

ST_2: StgValue_31 (41)  [1/1] 0.00ns
:1  br label %UnifiedUnreachableBlock

ST_2: StgValue_32 (43)  [1/2] 2.07ns  loc: ./Advios.h:14
:0  call void @"Advios::modulate_clock"(i1* %clk_second, i1* %clk, i1* %reset, i4* %ctrl, i4* %switches, i4* %leds)

ST_2: StgValue_33 (44)  [1/1] 0.00ns
:1  br label %UnifiedUnreachableBlock

ST_2: StgValue_34 (46)  [1/1] 0.00ns
UnifiedUnreachableBlock:0  unreachable



============================================================
+ Verbose Summary: Timing violations
============================================================
Target clock period: 8ns, clock uncertainty: 1ns.

 <State 1>: 3.1ns
The critical path consists of the following:
	'call' operation (./Advios.h:17) to 'Advios::LedControl' [40]  (3.1 ns)

 <State 2>: 2.35ns
The critical path consists of the following:
	'call' operation (./Advios.h:17) to 'Advios::LedControl' [40]  (2.35 ns)


============================================================
+ Verbose Summary: Binding
============================================================
N/A
* FSMD analyzer results:
  - Output states:
 - Input state : 
  - Chain level:
	State 1
	State 2


============================================================
+ Verbose Summary: Datapath Resource usage 
============================================================
N/A
