

================================================================
== Vivado HLS Report for 'Advios'
================================================================
* Date:           Mon Oct  8 19:23:23 2018

* Version:        2017.2 (Build 1909853 on Thu Jun 15 18:55:24 MDT 2017)
* Project:        advios_ip
* Solution:       solution1
* Product family: zynq
* Target device:  xc7z010clg400-1


================================================================
== Performance Estimates
================================================================
+ Timing (ns): 
    * Summary: 
    +--------+-------+----------+------------+
    |  Clock | Target| Estimated| Uncertainty|
    +--------+-------+----------+------------+
    |ap_clk  |   8.00|      5.92|        1.00|
    +--------+-------+----------+------------+

+ Latency (clock cycles): 
    * Summary: 
    +-----+-----+-----+-----+---------+
    |  Latency  |  Interval | Pipeline|
    | min | max | min | max |   Type  |
    +-----+-----+-----+-----+---------+
    |    0|    4|    1|    5|   none  |
    +-----+-----+-----+-----+---------+

    + Detail: 
        * Instance: 
        +---------------------------------+-----------------------+-----+-----+-----+-----+---------+
        |                                 |                       |  Latency  |  Interval | Pipeline|
        |             Instance            |         Module        | min | max | min | max |   Type  |
        +---------------------------------+-----------------------+-----+-----+-----+-----+---------+
        |grp_Advios_LedControl_fu_78      |Advios_LedControl      |    3|    3|    3|    3|   none  |
        |grp_Advios_modulate_clock_fu_98  |Advios_modulate_clock  |    3|    3|    3|    3|   none  |
        +---------------------------------+-----------------------+-----+-----+-----+-----+---------+

        * Loop: 
        N/A



================================================================
== Utilization Estimates
================================================================
* Summary: 
+-----------------+---------+-------+-------+-------+
|       Name      | BRAM_18K| DSP48E|   FF  |  LUT  |
+-----------------+---------+-------+-------+-------+
|DSP              |        -|      -|      -|      -|
|Expression       |        -|      -|      -|      -|
|FIFO             |        -|      -|      -|      -|
|Instance         |        -|      -|    138|    136|
|Memory           |        -|      -|      -|      -|
|Multiplexer      |        -|      -|      -|      -|
|Register         |        -|      -|      5|      -|
+-----------------+---------+-------+-------+-------+
|Total            |        0|      0|    143|    136|
+-----------------+---------+-------+-------+-------+
|Available        |      120|     80|  35200|  17600|
+-----------------+---------+-------+-------+-------+
|Utilization (%)  |        0|      0|   ~0  |   ~0  |
+-----------------+---------+-------+-------+-------+

+ Detail: 
    * Instance: 
    +---------------------------------+-----------------------+---------+-------+-----+----+
    |             Instance            |         Module        | BRAM_18K| DSP48E|  FF | LUT|
    +---------------------------------+-----------------------+---------+-------+-----+----+
    |grp_Advios_LedControl_fu_78      |Advios_LedControl      |        0|      0|   25|  66|
    |grp_Advios_modulate_clock_fu_98  |Advios_modulate_clock  |        0|      0|  113|  70|
    +---------------------------------+-----------------------+---------+-------+-----+----+
    |Total                            |                       |        0|      0|  138| 136|
    +---------------------------------+-----------------------+---------+-------+-----+----+

    * DSP48: 
    N/A

    * Memory: 
    N/A

    * FIFO: 
    N/A

    * Expression: 
    N/A

    * Multiplexer: 
    N/A

    * Register: 
    +------------+---+----+-----+-----------+
    |    Name    | FF| LUT| Bits| Const Bits|
    +------------+---+----+-----+-----------+
    |clk_second  |  1|   0|    1|          0|
    |leds        |  4|   0|    4|          0|
    +------------+---+----+-----+-----------+
    |Total       |  5|   0|    5|          0|
    +------------+---+----+-----+-----------+



================================================================
== Interface
================================================================
* Summary: 
+----------+-----+-----+------------+----------------+--------------+
| RTL Ports| Dir | Bits|  Protocol  |  Source Object |    C Type    |
+----------+-----+-----+------------+----------------+--------------+
|clk       |  in |    1| ap_ctrl_hs | Advios::Advios | return value |
|reset     |  in |    1| ap_ctrl_hs | Advios::Advios | return value |
|ctrl      |  in |    4|   ap_none  |      ctrl      |    pointer   |
|switches  |  in |    4|   ap_none  |    switches    |    pointer   |
|leds      | out |    4|   ap_vld   |      leds      |    pointer   |
+----------+-----+-----+------------+----------------+--------------+

