

================================================================
== Vivado HLS Report for 'Advios_modulate_clock'
================================================================
* Date:           Tue Oct  9 16:09:36 2018

* Version:        2017.2 (Build 1909853 on Thu Jun 15 18:55:24 MDT 2017)
* Project:        Advisio
* Solution:       solution1
* Product family: zynq
* Target device:  xc7z010clg400-1


================================================================
== Performance Estimates
================================================================
+ Timing (ns): 
    * Summary: 
    +--------+-------+----------+------------+
    |  Clock | Target| Estimated| Uncertainty|
    +--------+-------+----------+------------+
    |ap_clk  |  10.00|      5.92|        1.25|
    +--------+-------+----------+------------+

+ Latency (clock cycles): 
    * Summary: 
    +-----+-----+-----+-----+---------+
    |  Latency  |  Interval | Pipeline|
    | min | max | min | max |   Type  |
    +-----+-----+-----+-----+---------+
    |    3|    3|    3|    3|   none  |
    +-----+-----+-----+-----+---------+

    + Detail: 
        * Instance: 
        N/A

        * Loop: 
        +----------+-----+-----+----------+-----------+-----------+------+----------+
        |          |  Latency  | Iteration|  Initiation Interval  | Trip |          |
        | Loop Name| min | max |  Latency |  achieved |   target  | Count| Pipelined|
        +----------+-----+-----+----------+-----------+-----------+------+----------+
        |- Loop 1  |    1|    1|         1|          -|          -|  inf |    no    |
        +----------+-----+-----+----------+-----------+-----------+------+----------+

============================================================
+ Verbose Summary: Synthesis Manager
============================================================
InlineROM: 1
ExposeGlobal: 0
============================================================
+ Verbose Summary: CDFG Model
============================================================
IsTopModel: 0
ResetActiveHigh: 1
IsCombinational: 0
IsDatapathOnly: 0
HasWiredReturn: 0
HasMFsm: 0
HasVarLatency: 1
IsPipeline: 0
IsRtlPipelined: 0
IsInstanceOverlapped: 0
IsDontTouch: 0
HasImplIP: 0
IsGatedGlobalClock: 0


============================================================
+ Verbose Summary: Schedule
============================================================
* Number of FSM states: 3
* Pipeline: 0
* Dataflow Pipeline: 0

* FSM state transitions: 
1 --> 
	2  / true
2 --> 
	3  / true
3 --> 
	3  / true
* FSM state operations: 

 <State 1>: 0.00ns
ST_1: clock_counter_V (8)  [1/1] 0.00ns
codeRepl:0  %clock_counter_V = alloca i26

ST_1: StgValue_5 (9)  [1/1] 0.00ns
codeRepl:1  call void (...)* @_ssdm_op_SpecIFCore(i4* %ctrl, [1 x i8]* @p_str1213, [10 x i8]* @p_str1516, [1 x i8]* @p_str1213, i32 -1, [1 x i8]* @p_str1213, [1 x i8]* @p_str1213, [1 x i8]* @p_str1213, [1 x i8]* @p_str1213, [17 x i8]* @p_str1617)

ST_1: StgValue_6 (10)  [1/1] 0.00ns
codeRepl:2  call void (...)* @_ssdm_op_SpecBitsMap(i1* %clk), !map !158

ST_1: StgValue_7 (11)  [1/1] 0.00ns
codeRepl:3  call void (...)* @_ssdm_op_SpecBitsMap(i1* %clk_sc_in), !map !162

ST_1: StgValue_8 (12)  [1/1] 0.00ns
codeRepl:4  call void (...)* @_ssdm_op_SpecBitsMap(i1* %clk_sc_out), !map !166

ST_1: StgValue_9 (13)  [1/1] 0.00ns
codeRepl:5  call void (...)* @_ssdm_op_SpecBitsMap(i1* %reset), !map !170

ST_1: StgValue_10 (14)  [1/1] 0.00ns
codeRepl:6  call void (...)* @_ssdm_op_SpecBitsMap(i4* %ctrl), !map !174

ST_1: StgValue_11 (15)  [1/1] 0.00ns
codeRepl:7  call void (...)* @_ssdm_op_SpecBitsMap(i4* %inSwitch), !map !178

ST_1: StgValue_12 (16)  [1/1] 0.00ns
codeRepl:8  call void (...)* @_ssdm_op_SpecBitsMap(i4* %outLeds), !map !182

ST_1: StgValue_13 (17)  [1/1] 0.00ns  loc: Advisio/Advios.cpp:5
codeRepl:9  call void (...)* @_ssdm_op_SpecPort([7 x i8]* @p_str2, i32 0, [7 x i8]* @p_str1, [4 x i8]* @p_str23, i32 0, i32 0, i1* %clk) nounwind

ST_1: StgValue_14 (18)  [1/1] 0.00ns  loc: Advisio/Advios.cpp:6
codeRepl:10  call void (...)* @_ssdm_op_SpecPort([7 x i8]* @p_str2, i32 0, [7 x i8]* @p_str1, [10 x i8]* @p_str34, i32 0, i32 0, i1* %clk_sc_in) nounwind

ST_1: StgValue_15 (19)  [1/1] 0.00ns  loc: Advisio/Advios.cpp:7
codeRepl:11  call void (...)* @_ssdm_op_SpecPort([7 x i8]* @p_str2, i32 1, [7 x i8]* @p_str1, [11 x i8]* @p_str45, i32 0, i32 0, i1* %clk_sc_out) nounwind

ST_1: StgValue_16 (20)  [1/1] 0.00ns  loc: Advisio/Advios.cpp:8
codeRepl:12  call void (...)* @_ssdm_op_SpecPort([7 x i8]* @p_str2, i32 0, [7 x i8]* @p_str1, [6 x i8]* @p_str56, i32 0, i32 0, i1* %reset) nounwind

ST_1: StgValue_17 (21)  [1/1] 0.00ns  loc: Advisio/Advios.cpp:9
codeRepl:13  call void (...)* @_ssdm_op_SpecPort([7 x i8]* @p_str2, i32 0, [13 x i8]* @p_str67, [5 x i8]* @p_str78, i32 0, i32 0, i4* %ctrl) nounwind

ST_1: StgValue_18 (22)  [1/1] 0.00ns  loc: Advisio/Advios.cpp:10
codeRepl:14  call void (...)* @_ssdm_op_SpecPort([7 x i8]* @p_str2, i32 0, [13 x i8]* @p_str67, [9 x i8]* @p_str89, i32 0, i32 0, i4* %inSwitch) nounwind

ST_1: StgValue_19 (23)  [1/1] 0.00ns  loc: Advisio/Advios.cpp:11
codeRepl:15  call void (...)* @_ssdm_op_SpecPort([7 x i8]* @p_str2, i32 1, [13 x i8]* @p_str67, [8 x i8]* @p_str910, i32 0, i32 0, i4* %outLeds) nounwind

ST_1: StgValue_20 (24)  [1/1] 0.00ns  loc: Advisio/Advios.cpp:12
codeRepl:16  call void (...)* @_ssdm_op_SpecProcessDef([7 x i8]* @p_str2, i32 2, [15 x i8]* @p_str1011) nounwind

ST_1: tmp_2 (25)  [1/1] 0.00ns  loc: Advisio/Advios.cpp:12
codeRepl:17  %tmp_2 = call i32 (...)* @_ssdm_op_SpecRegionBegin([15 x i8]* @p_str1112)

ST_1: StgValue_22 (26)  [1/1] 0.00ns  loc: Advisio/Advios.cpp:12
codeRepl:18  call void (...)* @_ssdm_op_SpecProtocol(i32 1, [1 x i8]* @p_str1213) nounwind

ST_1: p_ssdm_reset_v (27)  [1/1] 0.00ns  loc: Advisio/Advios.cpp:12
codeRepl:19  %p_ssdm_reset_v = call i32 (...)* @_ssdm_op_SpecStateBegin(i32 0, i32 0, i32 1) nounwind

ST_1: StgValue_24 (28)  [1/1] 0.00ns  loc: Advisio/Advios.cpp:7
codeRepl:20  call void @_ssdm_op_Write.ap_auto.volatile.i1P(i1* %clk_sc_out, i1 false)

ST_1: empty (29)  [1/1] 0.00ns  loc: Advisio/Advios.cpp:8
codeRepl:21  %empty = call i32 (...)* @_ssdm_op_SpecStateEnd(i32 %p_ssdm_reset_v) nounwind

ST_1: empty_2 (30)  [1/1] 0.00ns  loc: Advisio/Advios.cpp:8
codeRepl:22  %empty_2 = call i32 (...)* @_ssdm_op_SpecRegionEnd([15 x i8]* @p_str1112, i32 %tmp_2)


 <State 2>: 1.59ns
ST_2: StgValue_27 (31)  [1/1] 1.59ns
codeRepl:23  store i26 0, i26* %clock_counter_V

ST_2: StgValue_28 (32)  [1/1] 0.00ns  loc: Advisio/Advios.cpp:8
codeRepl:24  br label %0


 <State 3>: 5.92ns
ST_3: clock_counter_V_load (34)  [1/1] 0.00ns  loc: Advisio/Advios.cpp:12
:0  %clock_counter_V_load = load i26* %clock_counter_V

ST_3: clock_counter_V_assi (35)  [1/1] 2.67ns  loc: Advisio/Advios.cpp:12
:1  %clock_counter_V_assi = add i26 %clock_counter_V_load, 1

ST_3: tmp_1 (36)  [1/1] 3.25ns  loc: Advisio/Advios.cpp:13
:2  %tmp_1 = icmp eq i26 %clock_counter_V_assi, -17108864

ST_3: StgValue_32 (37)  [1/1] 0.00ns  loc: Advisio/Advios.cpp:13
:3  br i1 %tmp_1, label %1, label %_ZN7_ap_sc_7sc_core4waitEi.exit.pre

ST_3: StgValue_33 (39)  [1/1] 1.59ns  loc: Advisio/Advios.cpp:12
_ZN7_ap_sc_7sc_core4waitEi.exit.pre:0  store i26 %clock_counter_V_assi, i26* %clock_counter_V

ST_3: StgValue_34 (40)  [1/1] 0.00ns
_ZN7_ap_sc_7sc_core4waitEi.exit.pre:1  br label %_ZN7_ap_sc_7sc_core4waitEi.exit

ST_3: tmp (42)  [1/1] 0.00ns  loc: Advisio/Advios.cpp:15
:0  %tmp = call i1 @_ssdm_op_Read.ap_auto.volatile.i1P(i1* %clk_sc_in)

ST_3: v (43)  [1/1] 2.07ns  loc: Advisio/Advios.cpp:15
:1  %v = xor i1 %tmp, true

ST_3: StgValue_37 (44)  [1/1] 0.00ns  loc: Advisio/Advios.cpp:15
:2  call void @_ssdm_op_Write.ap_auto.volatile.i1P(i1* %clk_sc_out, i1 %v)

ST_3: StgValue_38 (45)  [1/1] 1.59ns
:3  store i26 0, i26* %clock_counter_V

ST_3: StgValue_39 (46)  [1/1] 0.00ns  loc: Advisio/Advios.cpp:17
:4  br label %_ZN7_ap_sc_7sc_core4waitEi.exit

ST_3: StgValue_40 (48)  [1/1] 0.00ns  loc: Advisio/Advios.cpp:18
_ZN7_ap_sc_7sc_core4waitEi.exit:0  call void (...)* @_ssdm_op_Wait(i32 1) nounwind

ST_3: StgValue_41 (49)  [1/1] 0.00ns  loc: Advisio/Advios.cpp:19
_ZN7_ap_sc_7sc_core4waitEi.exit:1  br label %0



============================================================
+ Verbose Summary: Timing violations
============================================================
Target clock period: 10ns, clock uncertainty: 1.25ns.

 <State 1>: 0ns
The critical path consists of the following:

 <State 2>: 1.59ns
The critical path consists of the following:
	'store' operation of constant 0 on local variable 'clock_counter_V' [31]  (1.59 ns)

 <State 3>: 5.92ns
The critical path consists of the following:
	'load' operation ('clock_counter_V_load', Advisio/Advios.cpp:12) on local variable 'clock_counter_V' [34]  (0 ns)
	'add' operation ('clock_counter_V_assi', Advisio/Advios.cpp:12) [35]  (2.67 ns)
	'icmp' operation ('tmp_1', Advisio/Advios.cpp:13) [36]  (3.25 ns)


============================================================
+ Verbose Summary: Binding
============================================================
N/A
* FSMD analyzer results:
  - Output states:
 - Input state : 
  - Chain level:
	State 1
	State 2
	State 3


============================================================
+ Verbose Summary: Datapath Resource usage 
============================================================
N/A
