21:26:47 **** Build of configuration Debug for project lab4 ****
make pre-build main-build 
a9-linaro-pre-build-step
 
Building file: ../src/Matrix.c
Invoking: ARM v7 gcc compiler
arm-none-eabi-gcc -Wall -O0 -g3 -c -fmessage-length=0 -MT"src/Matrix.o" -mcpu=cortex-a9 -mfpu=vfpv3 -mfloat-abi=hard -I../../standalone_bsp_3/ps7_cortexa9_0/include -MMD -MP -MF"src/Matrix.d" -MT"src/Matrix.o" -o "src/Matrix.o" "../src/Matrix.c"
../src/Matrix.c: In function 'multiMatrixHard':
../src/Matrix.c:63:86: warning: array subscript has type 'char' [-Wchar-subscripts]
    Xil_Out32(XPAR_MATRIX_IP_0_S00_AXI_BASEADDR + MATRIX_IP_S00_AXI_SLV_REG0_OFFSET, A[row].vect);
                                                                                      ^
../src/Matrix.c:64:86: warning: array subscript has type 'char' [-Wchar-subscripts]
    Xil_Out32(XPAR_MATRIX_IP_0_S00_AXI_BASEADDR + MATRIX_IP_S00_AXI_SLV_REG1_OFFSET, B[col].vect);
                                                                                      ^
../src/Matrix.c:65:5: warning: array subscript has type 'char' [-Wchar-subscripts]
    P[row].comp[col] = Xil_In32(XPAR_MATRIX_IP_0_S00_AXI_BASEADDR + MATRIX_IP_S00_AXI_SLV_REG2_OFFSET);
     ^
../src/Matrix.c:65:15: warning: array subscript has type 'char' [-Wchar-subscripts]
    P[row].comp[col] = Xil_In32(XPAR_MATRIX_IP_0_S00_AXI_BASEADDR + MATRIX_IP_S00_AXI_SLV_REG2_OFFSET);
               ^
Finished building: ../src/Matrix.c
 
Building file: ../src/lab4.c
Invoking: ARM v7 gcc compiler
arm-none-eabi-gcc -Wall -O0 -g3 -c -fmessage-length=0 -MT"src/lab4.o" -mcpu=cortex-a9 -mfpu=vfpv3 -mfloat-abi=hard -I../../standalone_bsp_3/ps7_cortexa9_0/include -MMD -MP -MF"src/lab4.d" -MT"src/lab4.o" -o "src/lab4.o" "../src/lab4.c"
Finished building: ../src/lab4.c
 
Building target: lab4.elf
Invoking: ARM v7 gcc linker
arm-none-eabi-gcc -mcpu=cortex-a9 -mfpu=vfpv3 -mfloat-abi=hard -Wl,-build-id=none -specs=Xilinx.spec -Wl,-T -Wl,../src/lscript.ld -L../../standalone_bsp_3/ps7_cortexa9_0/lib -o "lab4.elf"  ./src/Matrix.o ./src/lab4.o   -Wl,--start-group,-lxil,-lgcc,-lc,--end-group
Finished building target: lab4.elf
 
Invoking: ARM v7 Print Size
arm-none-eabi-size lab4.elf  |tee "lab4.elf.size"
   text	   data	    bss	    dec	    hex	filename
  25992	   1192	   8296	  35480	   8a98	lab4.elf
Finished building: lab4.elf.size
 

21:26:47 Build Finished (took 815ms)

