

================================================================
== Vivado HLS Report for 'Advios_LedControl'
================================================================
* Date:           Tue Oct  9 16:09:36 2018

* Version:        2017.2 (Build 1909853 on Thu Jun 15 18:55:24 MDT 2017)
* Project:        Advisio
* Solution:       solution1
* Product family: zynq
* Target device:  xc7z010clg400-1


================================================================
== Performance Estimates
================================================================
+ Timing (ns): 
    * Summary: 
    +--------+-------+----------+------------+
    |  Clock | Target| Estimated| Uncertainty|
    +--------+-------+----------+------------+
    |ap_clk  |  10.00|      3.94|        1.25|
    +--------+-------+----------+------------+

+ Latency (clock cycles): 
    * Summary: 
    +-----+-----+-----+-----+---------+
    |  Latency  |  Interval | Pipeline|
    | min | max | min | max |   Type  |
    +-----+-----+-----+-----+---------+
    |    2|    2|    2|    2|   none  |
    +-----+-----+-----+-----+---------+

    + Detail: 
        * Instance: 
        N/A

        * Loop: 
        +----------+-----+-----+----------+-----------+-----------+------+----------+
        |          |  Latency  | Iteration|  Initiation Interval  | Trip |          |
        | Loop Name| min | max |  Latency |  achieved |   target  | Count| Pipelined|
        +----------+-----+-----+----------+-----------+-----------+------+----------+
        |- Loop 1  |    1|    1|         1|          -|          -|  inf |    no    |
        +----------+-----+-----+----------+-----------+-----------+------+----------+



================================================================
== Utilization Estimates
================================================================
* Summary: 
+-----------------+---------+-------+-------+-------+
|       Name      | BRAM_18K| DSP48E|   FF  |  LUT  |
+-----------------+---------+-------+-------+-------+
|DSP              |        -|      -|      -|      -|
|Expression       |        -|      -|     17|     17|
|FIFO             |        -|      -|      -|      -|
|Instance         |        -|      -|      -|      -|
|Memory           |        -|      -|      -|      -|
|Multiplexer      |        -|      -|      -|     39|
|Register         |        -|      -|      6|      -|
+-----------------+---------+-------+-------+-------+
|Total            |        0|      0|     23|     56|
+-----------------+---------+-------+-------+-------+
|Available        |      120|     80|  35200|  17600|
+-----------------+---------+-------+-------+-------+
|Utilization (%)  |        0|      0|   ~0  |   ~0  |
+-----------------+---------+-------+-------+-------+

+ Detail: 
    * Instance: 
    N/A

    * DSP48: 
    N/A

    * Memory: 
    N/A

    * FIFO: 
    N/A

    * Expression: 
    +-----------------+----------+-------+----+----+------------+------------+
    |  Variable Name  | Operation| DSP48E| FF | LUT| Bitwidth P0| Bitwidth P1|
    +-----------------+----------+-------+----+----+------------+------------+
    |v_V_1_fu_127_p2  |     +    |      0|  17|   9|           4|           1|
    |r_V_fu_110_p2    |    and   |      0|   0|   4|           4|           4|
    |tmp_3_fu_117_p2  |   icmp   |      0|   0|   2|           4|           5|
    |tmp_fu_104_p2    |   icmp   |      0|   0|   2|           4|           1|
    +-----------------+----------+-------+----+----+------------+------------+
    |Total            |          |      0|  17|  17|          16|          11|
    +-----------------+----------+-------+----+----+------------+------------+

    * Multiplexer: 
    +-----------+----+-----------+-----+-----------+
    |    Name   | LUT| Input Size| Bits| Total Bits|
    +-----------+----+-----------+-----+-----------+
    |ap_NS_fsm  |   9|          2|    1|          2|
    |counter_V  |   9|          2|    4|          8|
    |outLeds    |  21|          4|    4|         16|
    +-----------+----+-----------+-----+-----------+
    |Total      |  39|          8|    9|         26|
    +-----------+----+-----------+-----+-----------+

    * Register: 
    +-----------+---+----+-----+-----------+
    |    Name   | FF| LUT| Bits| Const Bits|
    +-----------+---+----+-----+-----------+
    |ap_CS_fsm  |  2|   0|    2|          0|
    |counter_V  |  4|   0|    4|          0|
    +-----------+---+----+-----+-----------+
    |Total      |  6|   0|    6|          0|
    +-----------+---+----+-----+-----------+



================================================================
== Interface
================================================================
* Summary: 
+----------------+-----+-----+------------+--------------------+--------------+
|    RTL Ports   | Dir | Bits|  Protocol  |    Source Object   |    C Type    |
+----------------+-----+-----+------------+--------------------+--------------+
|ap_clk          |  in |    1| ap_ctrl_hs | Advios::LedControl | return value |
|ap_rst          |  in |    1| ap_ctrl_hs | Advios::LedControl | return value |
|ctrl            |  in |    4|   ap_none  |        ctrl        |    pointer   |
|inSwitch        |  in |    4|   ap_none  |      inSwitch      |    pointer   |
|outLeds         | out |    4|   ap_vld   |       outLeds      |    pointer   |
|outLeds_ap_vld  | out |    1|   ap_vld   |       outLeds      |    pointer   |
+----------------+-----+-----+------------+--------------------+--------------+

